src/app/api/whatsapp/messages.ts(32,8): error TS2345: Argument of type 'string | undefined' is not assignable to parameter of type 'string'.
  Type 'undefined' is not assignable to type 'string'.
src/app/api/whatsapp/messages.ts(49,8): error TS2345: Argument of type 'string | undefined' is not assignable to parameter of type 'string'.
  Type 'undefined' is not assignable to type 'string'.
src/app/api/whatsapp/messages.ts(66,8): error TS2345: Argument of type 'string | undefined' is not assignable to parameter of type 'string'.
  Type 'undefined' is not assignable to type 'string'.
src/app/api/whatsapp/templates.ts(5,43): error TS2554: Expected 2-3 arguments, but got 1.
src/app/api/whatsapp/templates.ts(15,43): error TS2554: Expected 2-3 arguments, but got 1.
src/lib/whatsapp-template-service.ts(137,72): error TS2345: Argument of type 'string | undefined' is not assignable to parameter of type 'string'.
  Type 'undefined' is not assignable to type 'string'.
src/lib/whatsapp-template-service.ts(177,77): error TS2345: Argument of type 'string | undefined' is not assignable to parameter of type 'string'.
  Type 'undefined' is not assignable to type 'string'.
src/lib/whatsapp-template-service.ts(231,57): error TS2345: Argument of type 'string | undefined' is not assignable to parameter of type 'string'.
  Type 'undefined' is not assignable to type 'string'.
